Archive member included to satisfy reference by file (symbol)

/usr/lib/gcc/arm-none-eabi/10.3.1/../../../arm-none-eabi/lib/thumb/v7-m/nofp/libc_nano.a(lib_a-atexit.o)
                              /usr/lib/gcc/arm-none-eabi/10.3.1/../../../arm-none-eabi/lib/thumb/v7-m/nofp/crt0.o (atexit)
/usr/lib/gcc/arm-none-eabi/10.3.1/../../../arm-none-eabi/lib/thumb/v7-m/nofp/libc_nano.a(lib_a-exit.o)
                              /usr/lib/gcc/arm-none-eabi/10.3.1/../../../arm-none-eabi/lib/thumb/v7-m/nofp/crt0.o (exit)
/usr/lib/gcc/arm-none-eabi/10.3.1/../../../arm-none-eabi/lib/thumb/v7-m/nofp/libc_nano.a(lib_a-fini.o)
                              /usr/lib/gcc/arm-none-eabi/10.3.1/../../../arm-none-eabi/lib/thumb/v7-m/nofp/crt0.o (__libc_fini_array)
/usr/lib/gcc/arm-none-eabi/10.3.1/../../../arm-none-eabi/lib/thumb/v7-m/nofp/libc_nano.a(lib_a-impure.o)
                              /usr/lib/gcc/arm-none-eabi/10.3.1/../../../arm-none-eabi/lib/thumb/v7-m/nofp/libc_nano.a(lib_a-exit.o) (_global_impure_ptr)
/usr/lib/gcc/arm-none-eabi/10.3.1/../../../arm-none-eabi/lib/thumb/v7-m/nofp/libc_nano.a(lib_a-init.o)
                              /usr/lib/gcc/arm-none-eabi/10.3.1/../../../arm-none-eabi/lib/thumb/v7-m/nofp/crt0.o (__libc_init_array)
/usr/lib/gcc/arm-none-eabi/10.3.1/../../../arm-none-eabi/lib/thumb/v7-m/nofp/libc_nano.a(lib_a-memset.o)
                              /usr/lib/gcc/arm-none-eabi/10.3.1/../../../arm-none-eabi/lib/thumb/v7-m/nofp/crt0.o (memset)
/usr/lib/gcc/arm-none-eabi/10.3.1/../../../arm-none-eabi/lib/thumb/v7-m/nofp/libc_nano.a(lib_a-__atexit.o)
                              /usr/lib/gcc/arm-none-eabi/10.3.1/../../../arm-none-eabi/lib/thumb/v7-m/nofp/libc_nano.a(lib_a-atexit.o) (__register_exitproc)
/usr/lib/gcc/arm-none-eabi/10.3.1/../../../arm-none-eabi/lib/thumb/v7-m/nofp/libc_nano.a(lib_a-__call_atexit.o)
                              /usr/lib/gcc/arm-none-eabi/10.3.1/../../../arm-none-eabi/lib/thumb/v7-m/nofp/libc_nano.a(lib_a-__atexit.o) (__call_exitprocs)
/usr/lib/gcc/arm-none-eabi/10.3.1/../../../arm-none-eabi/lib/thumb/v7-m/nofp/libnosys.a(_exit.o)
                              /usr/lib/gcc/arm-none-eabi/10.3.1/../../../arm-none-eabi/lib/thumb/v7-m/nofp/libc_nano.a(lib_a-exit.o) (_exit)
/usr/lib/gcc/arm-none-eabi/10.3.1/thumb/v7-m/nofp/libgcc.a(_aeabi_uldivmod.o)
                              build/stm32l1xx_hal_rcc.o (__aeabi_uldivmod)
/usr/lib/gcc/arm-none-eabi/10.3.1/thumb/v7-m/nofp/libgcc.a(_udivmoddi4.o)
                              /usr/lib/gcc/arm-none-eabi/10.3.1/thumb/v7-m/nofp/libgcc.a(_aeabi_uldivmod.o) (__udivmoddi4)
/usr/lib/gcc/arm-none-eabi/10.3.1/thumb/v7-m/nofp/libgcc.a(_dvmd_tls.o)
                              /usr/lib/gcc/arm-none-eabi/10.3.1/thumb/v7-m/nofp/libgcc.a(_aeabi_uldivmod.o) (__aeabi_ldiv0)

Discarded input sections

 .text          0x0000000000000000        0x0 /usr/lib/gcc/arm-none-eabi/10.3.1/thumb/v7-m/nofp/crti.o
 .data          0x0000000000000000        0x0 /usr/lib/gcc/arm-none-eabi/10.3.1/thumb/v7-m/nofp/crti.o
 .bss           0x0000000000000000        0x0 /usr/lib/gcc/arm-none-eabi/10.3.1/thumb/v7-m/nofp/crti.o
 .data          0x0000000000000000        0x4 /usr/lib/gcc/arm-none-eabi/10.3.1/thumb/v7-m/nofp/crtbegin.o
 .rodata        0x0000000000000000       0x24 /usr/lib/gcc/arm-none-eabi/10.3.1/thumb/v7-m/nofp/crtbegin.o
 .text          0x0000000000000000       0x70 /usr/lib/gcc/arm-none-eabi/10.3.1/../../../arm-none-eabi/lib/thumb/v7-m/nofp/crt0.o
 .data          0x0000000000000000        0x0 /usr/lib/gcc/arm-none-eabi/10.3.1/../../../arm-none-eabi/lib/thumb/v7-m/nofp/crt0.o
 .bss           0x0000000000000000        0x0 /usr/lib/gcc/arm-none-eabi/10.3.1/../../../arm-none-eabi/lib/thumb/v7-m/nofp/crt0.o
 .ARM.extab     0x0000000000000000        0x0 /usr/lib/gcc/arm-none-eabi/10.3.1/../../../arm-none-eabi/lib/thumb/v7-m/nofp/crt0.o
 .ARM.exidx     0x0000000000000000       0x10 /usr/lib/gcc/arm-none-eabi/10.3.1/../../../arm-none-eabi/lib/thumb/v7-m/nofp/crt0.o
 .debug_line    0x0000000000000000       0x87 /usr/lib/gcc/arm-none-eabi/10.3.1/../../../arm-none-eabi/lib/thumb/v7-m/nofp/crt0.o
 .debug_info    0x0000000000000000       0x26 /usr/lib/gcc/arm-none-eabi/10.3.1/../../../arm-none-eabi/lib/thumb/v7-m/nofp/crt0.o
 .debug_abbrev  0x0000000000000000       0x14 /usr/lib/gcc/arm-none-eabi/10.3.1/../../../arm-none-eabi/lib/thumb/v7-m/nofp/crt0.o
 .debug_aranges
                0x0000000000000000       0x20 /usr/lib/gcc/arm-none-eabi/10.3.1/../../../arm-none-eabi/lib/thumb/v7-m/nofp/crt0.o
 .debug_str     0x0000000000000000       0x94 /usr/lib/gcc/arm-none-eabi/10.3.1/../../../arm-none-eabi/lib/thumb/v7-m/nofp/crt0.o
 .ARM.attributes
                0x0000000000000000       0x1b /usr/lib/gcc/arm-none-eabi/10.3.1/../../../arm-none-eabi/lib/thumb/v7-m/nofp/crt0.o
 .text          0x0000000000000000        0x0 build/pyjamask.o
 .data          0x0000000000000000        0x0 build/pyjamask.o
 .bss           0x0000000000000000        0x0 build/pyjamask.o
[...]
Memory Configuration

Name             Origin             Length             Attributes
RAM              0x0000000020000000 0x0000000000004000 xrw
FLASH            0x0000000008000000 0x0000000000040000 xr
*default*        0x0000000000000000 0xffffffffffffffff

Linker script and memory map

LOAD /usr/lib/gcc/arm-none-eabi/10.3.1/thumb/v7-m/nofp/crti.o
LOAD /usr/lib/gcc/arm-none-eabi/10.3.1/thumb/v7-m/nofp/crtbegin.o
LOAD /usr/lib/gcc/arm-none-eabi/10.3.1/../../../arm-none-eabi/lib/thumb/v7-m/nofp/crt0.o
LOAD build/pyjamask.o
LOAD build/main.o
LOAD build/gpio.o
LOAD build/stm32l1xx_it.o
LOAD build/stm32l1xx_hal_msp.o
LOAD build/stm32l1xx_hal_tim.o
LOAD build/stm32l1xx_hal_tim_ex.o
LOAD build/stm32l1xx_hal.o
LOAD build/stm32l1xx_hal_rcc.o
LOAD build/stm32l1xx_hal_rcc_ex.o
LOAD build/stm32l1xx_hal_flash.o
LOAD build/stm32l1xx_hal_flash_ex.o
LOAD build/stm32l1xx_hal_flash_ramfunc.o
LOAD build/stm32l1xx_hal_gpio.o
LOAD build/stm32l1xx_hal_dma.o
LOAD build/stm32l1xx_hal_pwr.o
LOAD build/stm32l1xx_hal_pwr_ex.o
LOAD build/stm32l1xx_hal_cortex.o
LOAD build/stm32l1xx_hal_exti.o
LOAD build/system_stm32l1xx.o
LOAD build/startup_stm32l100xc.o
LOAD /usr/lib/gcc/arm-none-eabi/10.3.1/../../../arm-none-eabi/lib/thumb/v7-m/nofp/libc_nano.a
LOAD /usr/lib/gcc/arm-none-eabi/10.3.1/../../../arm-none-eabi/lib/thumb/v7-m/nofp/libm.a
LOAD /usr/lib/gcc/arm-none-eabi/10.3.1/../../../arm-none-eabi/lib/thumb/v7-m/nofp/libnosys.a
START GROUP
LOAD /usr/lib/gcc/arm-none-eabi/10.3.1/thumb/v7-m/nofp/libgcc.a
LOAD /usr/lib/gcc/arm-none-eabi/10.3.1/../../../arm-none-eabi/lib/thumb/v7-m/nofp/libc_nano.a
END GROUP
START GROUP
LOAD /usr/lib/gcc/arm-none-eabi/10.3.1/thumb/v7-m/nofp/libgcc.a
LOAD /usr/lib/gcc/arm-none-eabi/10.3.1/../../../arm-none-eabi/lib/thumb/v7-m/nofp/libc_nano.a
END GROUP
LOAD /usr/lib/gcc/arm-none-eabi/10.3.1/thumb/v7-m/nofp/crtend.o
LOAD /usr/lib/gcc/arm-none-eabi/10.3.1/thumb/v7-m/nofp/crtn.o
                0x0000000020004000                _estack = (ORIGIN (RAM) + LENGTH (RAM))
                0x0000000000000200                _Min_Heap_Size = 0x200
                0x0000000000000400                _Min_Stack_Size = 0x400

.isr_vector     0x0000000008000000      0x13c
                0x0000000008000000                . = ALIGN (0x4)
 *(.isr_vector)
 .isr_vector    0x0000000008000000      0x13c build/startup_stm32l100xc.o
                0x0000000008000000                g_pfnVectors
                0x000000000800013c                . = ALIGN (0x4)

.text           0x000000000800013c     0x1424
                0x000000000800013c                . = ALIGN (0x4)
 *(.text)
 .text          0x000000000800013c       0x88 /usr/lib/gcc/arm-none-eabi/10.3.1/thumb/v7-m/nofp/crtbegin.o
 .text          0x00000000080001c4       0x48 /usr/lib/gcc/arm-none-eabi/10.3.1/../../../arm-none-eabi/lib/thumb/v7-m/nofp/libc_nano.a(lib_a-init.o)
                0x00000000080001c4                __libc_init_array
 .text          0x000000000800020c       0xa4 /usr/lib/gcc/arm-none-eabi/10.3.1/../../../arm-none-eabi/lib/thumb/v7-m/nofp/libc_nano.a(lib_a-memset.o)
                0x000000000800020c                memset
 .text          0x00000000080002b0       0x30 /usr/lib/gcc/arm-none-eabi/10.3.1/thumb/v7-m/nofp/libgcc.a(_aeabi_uldivmod.o)
                0x00000000080002b0                __aeabi_uldivmod
 .text          0x00000000080002e0      0x2d4 /usr/lib/gcc/arm-none-eabi/10.3.1/thumb/v7-m/nofp/libgcc.a(_udivmoddi4.o)
                0x00000000080002e0                __udivmoddi4
 .text          0x00000000080005b4        0x4 /usr/lib/gcc/arm-none-eabi/10.3.1/thumb/v7-m/nofp/libgcc.a(_dvmd_tls.o)
                0x00000000080005b4                __aeabi_ldiv0
                0x00000000080005b4                __aeabi_idiv0
 *(.text*)
 .text.SubBytes__V32
                0x00000000080005b8       0x38 build/pyjamask.o
                0x00000000080005b8                SubBytes__V32
 .text.AddRoundKey__V32
                0x00000000080005f0       0x26 build/pyjamask.o
                0x00000000080005f0                AddRoundKey__V32
 *fill*         0x0000000008000616        0x2 
 .text.mat_mult__V32_0
                0x0000000008000618       0x30 build/pyjamask.o
                0x0000000008000618                mat_mult__V32_0
 .text.mat_mult__V32_1
                0x0000000008000648       0x30 build/pyjamask.o
                0x0000000008000648                mat_mult__V32_1
 .text.mat_mult__V32_2
                0x0000000008000678       0x30 build/pyjamask.o
                0x0000000008000678                mat_mult__V32_2
 .text.mat_mult__V32_3
                0x00000000080006a8       0x30 build/pyjamask.o
                0x00000000080006a8                mat_mult__V32_3
 .text.MixRows__V32
                0x00000000080006d8       0x2a build/pyjamask.o
                0x00000000080006d8                MixRows__V32
 .text.pyjamask__
                0x0000000008000702       0x56 build/pyjamask.o
                0x0000000008000702                pyjamask__
 .text.bench_speed
                0x0000000008000758       0x3a build/pyjamask.o
                0x0000000008000758                bench_speed
 *fill*         0x0000000008000792        0x2 
 .text.get_cycle_count
                0x0000000008000794       0x3c build/main.o
 .text.Error_Handler
                0x00000000080007d0        0x4 build/main.o
                0x00000000080007d0                Error_Handler
 .text.SystemClock_Config
                0x00000000080007d4       0x78 build/main.o
 .text.main     0x000000000800084c       0x4c build/main.o
                0x000000000800084c                main
 .text.MX_GPIO_Init
                0x0000000008000898       0xa0 build/gpio.o
                0x0000000008000898                MX_GPIO_Init
 .text.NMI_Handler
                0x0000000008000938        0x2 build/stm32l1xx_it.o
                0x0000000008000938                NMI_Handler
 .text.HardFault_Handler
                0x000000000800093a        0x2 build/stm32l1xx_it.o
                0x000000000800093a                HardFault_Handler
 .text.MemManage_Handler
                0x000000000800093c        0x2 build/stm32l1xx_it.o
                0x000000000800093c                MemManage_Handler
 .text.BusFault_Handler
                0x000000000800093e        0x2 build/stm32l1xx_it.o
                0x000000000800093e                BusFault_Handler
 .text.UsageFault_Handler
                0x0000000008000940        0x2 build/stm32l1xx_it.o
                0x0000000008000940                UsageFault_Handler
 .text.SVC_Handler
                0x0000000008000942        0x2 build/stm32l1xx_it.o
                0x0000000008000942                SVC_Handler
 .text.DebugMon_Handler
                0x0000000008000944        0x2 build/stm32l1xx_it.o
                0x0000000008000944                DebugMon_Handler
 .text.PendSV_Handler
                0x0000000008000946        0x2 build/stm32l1xx_it.o
                0x0000000008000946                PendSV_Handler
 .text.SysTick_Handler
                0x0000000008000948        0x8 build/stm32l1xx_it.o
                0x0000000008000948                SysTick_Handler
 .text.HAL_MspInit
                0x0000000008000950       0x4c build/stm32l1xx_hal_msp.o
                0x0000000008000950                HAL_MspInit
 .text.HAL_InitTick
                0x000000000800099c       0x50 build/stm32l1xx_hal.o
                0x000000000800099c                HAL_InitTick
 .text.HAL_Init
                0x00000000080009ec       0x1e build/stm32l1xx_hal.o
                0x00000000080009ec                HAL_Init
 *fill*         0x0000000008000a0a        0x2 
 .text.HAL_IncTick
                0x0000000008000a0c       0x18 build/stm32l1xx_hal.o
                0x0000000008000a0c                HAL_IncTick
 .text.HAL_GetTick
                0x0000000008000a24        0xc build/stm32l1xx_hal.o
                0x0000000008000a24                HAL_GetTick
 .text.RCC_SetFlashLatencyFromMSIRange
                0x0000000008000a30       0x90 build/stm32l1xx_hal_rcc.o
 .text.HAL_RCC_OscConfig
                0x0000000008000ac0      0x4f8 build/stm32l1xx_hal_rcc.o
                0x0000000008000ac0                HAL_RCC_OscConfig
 .text.HAL_RCC_GetSysClockFreq
                0x0000000008000fb8       0xd8 build/stm32l1xx_hal_rcc.o
                0x0000000008000fb8                HAL_RCC_GetSysClockFreq
 .text.HAL_RCC_ClockConfig
                0x0000000008001090      0x1dc build/stm32l1xx_hal_rcc.o
                0x0000000008001090                HAL_RCC_ClockConfig
 .text.HAL_GPIO_Init
                0x000000000800126c      0x1c4 build/stm32l1xx_hal_gpio.o
                0x000000000800126c                HAL_GPIO_Init
 .text.HAL_GPIO_WritePin
                0x0000000008001430        0xc build/stm32l1xx_hal_gpio.o
                0x0000000008001430                HAL_GPIO_WritePin
 .text.HAL_NVIC_SetPriorityGrouping
                0x000000000800143c       0x24 build/stm32l1xx_hal_cortex.o
                0x000000000800143c                HAL_NVIC_SetPriorityGrouping
 .text.HAL_NVIC_SetPriority
                0x0000000008001460       0x70 build/stm32l1xx_hal_cortex.o
                0x0000000008001460                HAL_NVIC_SetPriority
 .text.HAL_SYSTICK_Config
                0x00000000080014d0       0x28 build/stm32l1xx_hal_cortex.o
                0x00000000080014d0                HAL_SYSTICK_Config
 .text.SystemInit
                0x00000000080014f8        0x2 build/system_stm32l1xx.o
                0x00000000080014f8                SystemInit
 *fill*         0x00000000080014fa        0x2 
 .text.Reset_Handler
                0x00000000080014fc       0x48 build/startup_stm32l100xc.o
                0x00000000080014fc                Reset_Handler
 .text.Default_Handler
                0x0000000008001544        0x2 build/startup_stm32l100xc.o
                0x0000000008001544                RTC_Alarm_IRQHandler
                0x0000000008001544                EXTI2_IRQHandler
                0x0000000008001544                COMP_ACQ_IRQHandler
                0x0000000008001544                TIM10_IRQHandler
                0x0000000008001544                USB_HP_IRQHandler
                0x0000000008001544                TIM6_IRQHandler
                0x0000000008001544                PVD_IRQHandler
                0x0000000008001544                EXTI3_IRQHandler
                0x0000000008001544                EXTI0_IRQHandler
                0x0000000008001544                I2C2_EV_IRQHandler
                0x0000000008001544                SPI1_IRQHandler
                0x0000000008001544                USB_FS_WKUP_IRQHandler
                0x0000000008001544                DMA2_Channel2_IRQHandler
                0x0000000008001544                DMA1_Channel4_IRQHandler
                0x0000000008001544                ADC1_IRQHandler
                0x0000000008001544                USART3_IRQHandler
                0x0000000008001544                DMA1_Channel7_IRQHandler
                0x0000000008001544                LCD_IRQHandler
                0x0000000008001544                TIM4_IRQHandler
                0x0000000008001544                DMA2_Channel1_IRQHandler
                0x0000000008001544                I2C1_EV_IRQHandler
                0x0000000008001544                DMA1_Channel6_IRQHandler
                0x0000000008001544                DMA2_Channel4_IRQHandler
                0x0000000008001544                TIM3_IRQHandler
                0x0000000008001544                RCC_IRQHandler
                0x0000000008001544                DMA1_Channel1_IRQHandler
                0x0000000008001544                Default_Handler
                0x0000000008001544                EXTI15_10_IRQHandler
                0x0000000008001544                TIM7_IRQHandler
                0x0000000008001544                EXTI9_5_IRQHandler
                0x0000000008001544                TIM9_IRQHandler
                0x0000000008001544                TAMPER_STAMP_IRQHandler
                0x0000000008001544                RTC_WKUP_IRQHandler
                0x0000000008001544                SPI2_IRQHandler
                0x0000000008001544                DMA2_Channel5_IRQHandler
                0x0000000008001544                DMA1_Channel5_IRQHandler
                0x0000000008001544                USB_LP_IRQHandler
                0x0000000008001544                EXTI4_IRQHandler
                0x0000000008001544                DMA1_Channel3_IRQHandler
                0x0000000008001544                COMP_IRQHandler
                0x0000000008001544                WWDG_IRQHandler
                0x0000000008001544                TIM2_IRQHandler
                0x0000000008001544                DAC_IRQHandler
                0x0000000008001544                EXTI1_IRQHandler
                0x0000000008001544                TIM11_IRQHandler
                0x0000000008001544                USART2_IRQHandler
                0x0000000008001544                I2C2_ER_IRQHandler
                0x0000000008001544                DMA1_Channel2_IRQHandler
                0x0000000008001544                FLASH_IRQHandler
                0x0000000008001544                USART1_IRQHandler
                0x0000000008001544                SPI3_IRQHandler
                0x0000000008001544                I2C1_ER_IRQHandler
                0x0000000008001544                DMA2_Channel3_IRQHandler
 *(.glue_7)
 .glue_7        0x0000000008001546        0x0 linker stubs
 *(.glue_7t)
 .glue_7t       0x0000000008001546        0x0 linker stubs
 *(.eh_frame)
 *fill*         0x0000000008001546        0x2 
 .eh_frame      0x0000000008001548        0x0 /usr/lib/gcc/arm-none-eabi/10.3.1/thumb/v7-m/nofp/crtbegin.o
 *(.init)
 .init          0x0000000008001548        0x4 /usr/lib/gcc/arm-none-eabi/10.3.1/thumb/v7-m/nofp/crti.o
                0x0000000008001548                _init
 .init          0x000000000800154c        0x8 /usr/lib/gcc/arm-none-eabi/10.3.1/thumb/v7-m/nofp/crtn.o
 *(.fini)
 .fini          0x0000000008001554        0x4 /usr/lib/gcc/arm-none-eabi/10.3.1/thumb/v7-m/nofp/crti.o
                0x0000000008001554                _fini
 .fini          0x0000000008001558        0x8 /usr/lib/gcc/arm-none-eabi/10.3.1/thumb/v7-m/nofp/crtn.o
                0x0000000008001560                . = ALIGN (0x4)
                0x0000000008001560                _etext = .

.vfp11_veneer   0x0000000008001560        0x0
 .vfp11_veneer  0x0000000008001560        0x0 linker stubs

.v4_bx          0x0000000008001560        0x0
 .v4_bx         0x0000000008001560        0x0 linker stubs

.iplt           0x0000000008001560        0x0
 .iplt          0x0000000008001560        0x0 /usr/lib/gcc/arm-none-eabi/10.3.1/thumb/v7-m/nofp/crtbegin.o

.rodata         0x0000000008001560       0x1c
                0x0000000008001560                . = ALIGN (0x4)
 *(.rodata)
 *(.rodata*)
 .rodata.AHBPrescTable
                0x0000000008001560       0x10 build/system_stm32l1xx.o
                0x0000000008001560                AHBPrescTable
 .rodata.PLLMulTable
                0x0000000008001570        0x9 build/system_stm32l1xx.o
                0x0000000008001570                PLLMulTable
                0x000000000800157c                . = ALIGN (0x4)
 *fill*         0x0000000008001579        0x3 

.ARM.extab
 *(.ARM.extab* .gnu.linkonce.armextab.*)

.ARM            0x000000000800157c        0x8
                0x000000000800157c                __exidx_start = .
 *(.ARM.exidx*)
 .ARM.exidx     0x000000000800157c        0x8 /usr/lib/gcc/arm-none-eabi/10.3.1/thumb/v7-m/nofp/libgcc.a(_udivmoddi4.o)
                0x0000000008001584                __exidx_end = .

.rel.dyn        0x0000000008001584        0x0
 .rel.iplt      0x0000000008001584        0x0 /usr/lib/gcc/arm-none-eabi/10.3.1/thumb/v7-m/nofp/crtbegin.o

.preinit_array  0x0000000008001584        0x0
                0x0000000008001584                PROVIDE (__preinit_array_start = .)
 *(.preinit_array*)
                0x0000000008001584                PROVIDE (__preinit_array_end = .)

.init_array     0x0000000008001584        0x4
                0x0000000008001584                PROVIDE (__init_array_start = .)
 *(SORT_BY_NAME(.init_array.*))
 *(.init_array*)
 .init_array    0x0000000008001584        0x4 /usr/lib/gcc/arm-none-eabi/10.3.1/thumb/v7-m/nofp/crtbegin.o
                0x0000000008001588                PROVIDE (__init_array_end = .)

.fini_array     0x0000000008001588        0x4
                0x0000000008001588                PROVIDE (__fini_array_start = .)
 *(SORT_BY_NAME(.fini_array.*))
 *(.fini_array*)
 .fini_array    0x0000000008001588        0x4 /usr/lib/gcc/arm-none-eabi/10.3.1/thumb/v7-m/nofp/crtbegin.o
                0x000000000800158c                PROVIDE (__fini_array_end = .)
                0x000000000800158c                _sidata = LOADADDR (.data)

.data           0x0000000020000000       0x24 load address 0x000000000800158c
                0x0000000020000000                . = ALIGN (0x4)
                0x0000000020000000                _sdata = .
 *(.data)
 *(.data*)
 .data.bench_cycles
                0x0000000020000000        0xc build/main.o
                0x0000000020000000                bench_cycles
 .data.bench_lens
                0x000000002000000c        0xc build/main.o
                0x000000002000000c                bench_lens
 .data.uwTickFreq
                0x0000000020000018        0x4 build/stm32l1xx_hal.o
                0x0000000020000018                uwTickFreq
 .data.uwTickPrio
                0x000000002000001c        0x4 build/stm32l1xx_hal.o
                0x000000002000001c                uwTickPrio
 .data.SystemCoreClock
                0x0000000020000020        0x4 build/system_stm32l1xx.o
                0x0000000020000020                SystemCoreClock
                0x0000000020000024                . = ALIGN (0x4)
                0x0000000020000024                _edata = .

.tm_clone_table
                0x0000000020000024        0x0 load address 0x00000000080015b0
 .tm_clone_table
                0x0000000020000024        0x0 /usr/lib/gcc/arm-none-eabi/10.3.1/thumb/v7-m/nofp/crtbegin.o
 .tm_clone_table
                0x0000000020000024        0x0 /usr/lib/gcc/arm-none-eabi/10.3.1/thumb/v7-m/nofp/crtend.o

.igot.plt       0x0000000020000024        0x0 load address 0x00000000080015b0
 .igot.plt      0x0000000020000024        0x0 /usr/lib/gcc/arm-none-eabi/10.3.1/thumb/v7-m/nofp/crtbegin.o
                0x0000000020000024                . = ALIGN (0x4)

.bss            0x0000000020000028       0x6c load address 0x00000000080015b0
                0x0000000020000028                _sbss = .
                0x0000000020000028                __bss_start__ = _sbss
 *(.bss)
 .bss           0x0000000020000028       0x1c /usr/lib/gcc/arm-none-eabi/10.3.1/thumb/v7-m/nofp/crtbegin.o
 *(.bss*)
 *fill*         0x0000000020000044        0x4 
 .bss.ciphertext
                0x0000000020000048       0x20 build/main.o
                0x0000000020000048                ciphertext
 .bss.dwt_started.0
                0x0000000020000068        0x4 build/main.o
 *fill*         0x000000002000006c        0x4 
 .bss.plaintext
                0x0000000020000070       0x20 build/main.o
                0x0000000020000070                plaintext
 .bss.uwTick    0x0000000020000090        0x4 build/stm32l1xx_hal.o
                0x0000000020000090                uwTick
 *(COMMON)
                0x0000000020000094                . = ALIGN (0x4)
                0x0000000020000094                _ebss = .
                0x0000000020000094                __bss_end__ = _ebss

._user_heap_stack
                0x0000000020000094      0x604 load address 0x00000000080015b0
                0x0000000020000098                . = ALIGN (0x8)
 *fill*         0x0000000020000094        0x4 
                [!provide]                        PROVIDE (end = .)
                [!provide]                        PROVIDE (_end = .)
                0x0000000020000298                . = (. + _Min_Heap_Size)
 *fill*         0x0000000020000098      0x200 
                0x0000000020000698                . = (. + _Min_Stack_Size)
 *fill*         0x0000000020000298      0x400 
                0x0000000020000698                . = ALIGN (0x8)

/DISCARD/
 libc.a(*)
 libm.a(*)
 libgcc.a(*)

.ARM.attributes
                0x0000000000000000       0x29
 *(.ARM.attributes)
 .ARM.attributes
                0x0000000000000000       0x1d /usr/lib/gcc/arm-none-eabi/10.3.1/thumb/v7-m/nofp/crti.o
 .ARM.attributes
                0x000000000000001d       0x2d /usr/lib/gcc/arm-none-eabi/10.3.1/thumb/v7-m/nofp/crtbegin.o
 .ARM.attributes
                0x000000000000004a       0x2d build/pyjamask.o
 .ARM.attributes
                0x0000000000000077       0x2d build/main.o
 .ARM.attributes
                0x00000000000000a4       0x2d build/gpio.o
 .ARM.attributes
                0x00000000000000d1       0x2d build/stm32l1xx_it.o
 .ARM.attributes
                0x00000000000000fe       0x2d build/stm32l1xx_hal_msp.o
 .ARM.attributes
                0x000000000000012b       0x2d build/stm32l1xx_hal.o
 .ARM.attributes
                0x0000000000000158       0x2d build/stm32l1xx_hal_rcc.o
 .ARM.attributes
                0x0000000000000185       0x2d build/stm32l1xx_hal_gpio.o
 .ARM.attributes
                0x00000000000001b2       0x2d build/stm32l1xx_hal_cortex.o
 .ARM.attributes
                0x00000000000001df       0x2d build/system_stm32l1xx.o
 .ARM.attributes
                0x000000000000020c       0x21 build/startup_stm32l100xc.o
 .ARM.attributes
                0x000000000000022d       0x2d /usr/lib/gcc/arm-none-eabi/10.3.1/../../../arm-none-eabi/lib/thumb/v7-m/nofp/libc_nano.a(lib_a-init.o)
 .ARM.attributes
                0x000000000000025a       0x2d /usr/lib/gcc/arm-none-eabi/10.3.1/../../../arm-none-eabi/lib/thumb/v7-m/nofp/libc_nano.a(lib_a-memset.o)
 .ARM.attributes
                0x0000000000000287       0x1d /usr/lib/gcc/arm-none-eabi/10.3.1/thumb/v7-m/nofp/libgcc.a(_aeabi_uldivmod.o)
 .ARM.attributes
                0x00000000000002a4       0x2d /usr/lib/gcc/arm-none-eabi/10.3.1/thumb/v7-m/nofp/libgcc.a(_udivmoddi4.o)
 .ARM.attributes
                0x00000000000002d1       0x1d /usr/lib/gcc/arm-none-eabi/10.3.1/thumb/v7-m/nofp/libgcc.a(_dvmd_tls.o)
 .ARM.attributes
                0x00000000000002ee       0x2d /usr/lib/gcc/arm-none-eabi/10.3.1/thumb/v7-m/nofp/crtend.o
 .ARM.attributes
                0x000000000000031b       0x1d /usr/lib/gcc/arm-none-eabi/10.3.1/thumb/v7-m/nofp/crtn.o
OUTPUT(build/pyjamask2.elf elf32-littlearm)
LOAD linker stubs
LOAD /usr/lib/gcc/arm-none-eabi/10.3.1/../../../arm-none-eabi/lib/thumb/v7-m/nofp/libc.a
LOAD /usr/lib/gcc/arm-none-eabi/10.3.1/../../../arm-none-eabi/lib/thumb/v7-m/nofp/libm.a
LOAD /usr/lib/gcc/arm-none-eabi/10.3.1/thumb/v7-m/nofp/libgcc.a

.comment        0x0000000000000000       0x33
 .comment       0x0000000000000000       0x33 /usr/lib/gcc/arm-none-eabi/10.3.1/thumb/v7-m/nofp/crtbegin.o
                                         0x34 (size before relaxing)
 .comment       0x0000000000000033       0x34 build/pyjamask.o
 .comment       0x0000000000000033       0x34 build/main.o
 .comment       0x0000000000000033       0x34 build/gpio.o
 .comment       0x0000000000000033       0x34 build/stm32l1xx_it.o
 .comment       0x0000000000000033       0x34 build/stm32l1xx_hal_msp.o
 .comment       0x0000000000000033       0x34 build/stm32l1xx_hal.o
 .comment       0x0000000000000033       0x34 build/stm32l1xx_hal_rcc.o
 .comment       0x0000000000000033       0x34 build/stm32l1xx_hal_gpio.o
 .comment       0x0000000000000033       0x34 build/stm32l1xx_hal_cortex.o
 .comment       0x0000000000000033       0x34 build/system_stm32l1xx.o
 .comment       0x0000000000000033       0x34 /usr/lib/gcc/arm-none-eabi/10.3.1/../../../arm-none-eabi/lib/thumb/v7-m/nofp/libc_nano.a(lib_a-init.o)
 .comment       0x0000000000000033       0x34 /usr/lib/gcc/arm-none-eabi/10.3.1/../../../arm-none-eabi/lib/thumb/v7-m/nofp/libc_nano.a(lib_a-memset.o)
 .comment       0x0000000000000033       0x34 /usr/lib/gcc/arm-none-eabi/10.3.1/thumb/v7-m/nofp/libgcc.a(_udivmoddi4.o)
 .comment       0x0000000000000033       0x34 /usr/lib/gcc/arm-none-eabi/10.3.1/thumb/v7-m/nofp/crtend.o

.debug_info     0x0000000000000000     0x4fe5
 .debug_info    0x0000000000000000      0x8c8 build/pyjamask.o
 .debug_info    0x00000000000008c8      0x703 build/main.o
 .debug_info    0x0000000000000fcb      0x3d5 build/gpio.o
 .debug_info    0x00000000000013a0      0x15b build/stm32l1xx_it.o
 .debug_info    0x00000000000014fb      0x210 build/stm32l1xx_hal_msp.o
 .debug_info    0x000000000000170b      0x82c build/stm32l1xx_hal.o
 .debug_info    0x0000000000001f37      0xc9e build/stm32l1xx_hal_rcc.o
 .debug_info    0x0000000000002bd5      0x6bd build/stm32l1xx_hal_gpio.o
 .debug_info    0x0000000000003292     0x10a9 build/stm32l1xx_hal_cortex.o
 .debug_info    0x000000000000433b      0x2d4 build/system_stm32l1xx.o
 .debug_info    0x000000000000460f       0x22 build/startup_stm32l100xc.o
 .debug_info    0x0000000000004631      0x11a /usr/lib/gcc/arm-none-eabi/10.3.1/../../../arm-none-eabi/lib/thumb/v7-m/nofp/libc_nano.a(lib_a-init.o)
 .debug_info    0x000000000000474b      0x137 /usr/lib/gcc/arm-none-eabi/10.3.1/../../../arm-none-eabi/lib/thumb/v7-m/nofp/libc_nano.a(lib_a-memset.o)
 .debug_info    0x0000000000004882       0x26 /usr/lib/gcc/arm-none-eabi/10.3.1/thumb/v7-m/nofp/libgcc.a(_aeabi_uldivmod.o)
 .debug_info    0x00000000000048a8      0x717 /usr/lib/gcc/arm-none-eabi/10.3.1/thumb/v7-m/nofp/libgcc.a(_udivmoddi4.o)
 .debug_info    0x0000000000004fbf       0x26 /usr/lib/gcc/arm-none-eabi/10.3.1/thumb/v7-m/nofp/libgcc.a(_dvmd_tls.o)

.debug_abbrev   0x0000000000000000     0x1538
 .debug_abbrev  0x0000000000000000      0x15b build/pyjamask.o
 .debug_abbrev  0x000000000000015b      0x22a build/main.o
 .debug_abbrev  0x0000000000000385      0x151 build/gpio.o
 .debug_abbrev  0x00000000000004d6       0x81 build/stm32l1xx_it.o
 .debug_abbrev  0x0000000000000557       0xe5 build/stm32l1xx_hal_msp.o
 .debug_abbrev  0x000000000000063c      0x24f build/stm32l1xx_hal.o
 .debug_abbrev  0x000000000000088b      0x2c8 build/stm32l1xx_hal_rcc.o
 .debug_abbrev  0x0000000000000b53      0x22b build/stm32l1xx_hal_gpio.o
 .debug_abbrev  0x0000000000000d7e      0x382 build/stm32l1xx_hal_cortex.o
 .debug_abbrev  0x0000000000001100      0x11b build/system_stm32l1xx.o
 .debug_abbrev  0x000000000000121b       0x12 build/startup_stm32l100xc.o
 .debug_abbrev  0x000000000000122d       0xcc /usr/lib/gcc/arm-none-eabi/10.3.1/../../../arm-none-eabi/lib/thumb/v7-m/nofp/libc_nano.a(lib_a-init.o)
 .debug_abbrev  0x00000000000012f9       0xb4 /usr/lib/gcc/arm-none-eabi/10.3.1/../../../arm-none-eabi/lib/thumb/v7-m/nofp/libc_nano.a(lib_a-memset.o)
 .debug_abbrev  0x00000000000013ad       0x14 /usr/lib/gcc/arm-none-eabi/10.3.1/thumb/v7-m/nofp/libgcc.a(_aeabi_uldivmod.o)
 .debug_abbrev  0x00000000000013c1      0x163 /usr/lib/gcc/arm-none-eabi/10.3.1/thumb/v7-m/nofp/libgcc.a(_udivmoddi4.o)
 .debug_abbrev  0x0000000000001524       0x14 /usr/lib/gcc/arm-none-eabi/10.3.1/thumb/v7-m/nofp/libgcc.a(_dvmd_tls.o)

.debug_loc      0x0000000000000000     0x39e4
 .debug_loc     0x0000000000000000      0xb06 build/pyjamask.o
 .debug_loc     0x0000000000000b06       0xe2 build/main.o
 .debug_loc     0x0000000000000be8       0x38 build/gpio.o
 .debug_loc     0x0000000000000c20       0x20 build/stm32l1xx_it.o
 .debug_loc     0x0000000000000c40       0x38 build/stm32l1xx_hal_msp.o
 .debug_loc     0x0000000000000c78      0x26d build/stm32l1xx_hal.o
 .debug_loc     0x0000000000000ee5      0x8b4 build/stm32l1xx_hal_rcc.o
 .debug_loc     0x0000000000001799      0x4d6 build/stm32l1xx_hal_gpio.o
 .debug_loc     0x0000000000001c6f      0x7a4 build/stm32l1xx_hal_cortex.o
 .debug_loc     0x0000000000002413      0x1d6 build/system_stm32l1xx.o
 .debug_loc     0x00000000000025e9       0xba /usr/lib/gcc/arm-none-eabi/10.3.1/../../../arm-none-eabi/lib/thumb/v7-m/nofp/libc_nano.a(lib_a-init.o)
 .debug_loc     0x00000000000026a3      0x22c /usr/lib/gcc/arm-none-eabi/10.3.1/../../../arm-none-eabi/lib/thumb/v7-m/nofp/libc_nano.a(lib_a-memset.o)
 .debug_loc     0x00000000000028cf     0x1115 /usr/lib/gcc/arm-none-eabi/10.3.1/thumb/v7-m/nofp/libgcc.a(_udivmoddi4.o)

.debug_aranges  0x0000000000000000      0x4a0
 .debug_aranges
                0x0000000000000000       0x68 build/pyjamask.o
 .debug_aranges
                0x0000000000000068       0x38 build/main.o
 .debug_aranges
                0x00000000000000a0       0x20 build/gpio.o
 .debug_aranges
                0x00000000000000c0       0x60 build/stm32l1xx_it.o
 .debug_aranges
                0x0000000000000120       0x20 build/stm32l1xx_hal_msp.o
 .debug_aranges
                0x0000000000000140       0xe0 build/stm32l1xx_hal.o
 .debug_aranges
                0x0000000000000220       0x90 build/stm32l1xx_hal_rcc.o
 .debug_aranges
                0x00000000000002b0       0x58 build/stm32l1xx_hal_gpio.o
 .debug_aranges
                0x0000000000000308       0xa8 build/stm32l1xx_hal_cortex.o
 .debug_aranges
                0x00000000000003b0       0x28 build/system_stm32l1xx.o
 .debug_aranges
                0x00000000000003d8       0x28 build/startup_stm32l100xc.o
 .debug_aranges
                0x0000000000000400       0x20 /usr/lib/gcc/arm-none-eabi/10.3.1/../../../arm-none-eabi/lib/thumb/v7-m/nofp/libc_nano.a(lib_a-init.o)
 .debug_aranges
                0x0000000000000420       0x20 /usr/lib/gcc/arm-none-eabi/10.3.1/../../../arm-none-eabi/lib/thumb/v7-m/nofp/libc_nano.a(lib_a-memset.o)
 .debug_aranges
                0x0000000000000440       0x20 /usr/lib/gcc/arm-none-eabi/10.3.1/thumb/v7-m/nofp/libgcc.a(_aeabi_uldivmod.o)
 .debug_aranges
                0x0000000000000460       0x20 /usr/lib/gcc/arm-none-eabi/10.3.1/thumb/v7-m/nofp/libgcc.a(_udivmoddi4.o)
 .debug_aranges
                0x0000000000000480       0x20 /usr/lib/gcc/arm-none-eabi/10.3.1/thumb/v7-m/nofp/libgcc.a(_dvmd_tls.o)

.debug_ranges   0x0000000000000000      0x548
 .debug_ranges  0x0000000000000000       0xd0 build/pyjamask.o
 .debug_ranges  0x00000000000000d0       0x28 build/main.o
 .debug_ranges  0x00000000000000f8       0x10 build/gpio.o
 .debug_ranges  0x0000000000000108       0x50 build/stm32l1xx_it.o
 .debug_ranges  0x0000000000000158       0x10 build/stm32l1xx_hal_msp.o
 .debug_ranges  0x0000000000000168       0xd0 build/stm32l1xx_hal.o
 .debug_ranges  0x0000000000000238       0x98 build/stm32l1xx_hal_rcc.o
 .debug_ranges  0x00000000000002d0       0x48 build/stm32l1xx_hal_gpio.o
 .debug_ranges  0x0000000000000318       0xf8 build/stm32l1xx_hal_cortex.o
 .debug_ranges  0x0000000000000410       0x18 build/system_stm32l1xx.o
 .debug_ranges  0x0000000000000428       0x20 build/startup_stm32l100xc.o
 .debug_ranges  0x0000000000000448      0x100 /usr/lib/gcc/arm-none-eabi/10.3.1/thumb/v7-m/nofp/libgcc.a(_udivmoddi4.o)

.debug_line     0x0000000000000000     0x354f
 .debug_line    0x0000000000000000      0x550 build/pyjamask.o
 .debug_line    0x0000000000000550      0x31f build/main.o
 .debug_line    0x000000000000086f      0x147 build/gpio.o
 .debug_line    0x00000000000009b6      0x172 build/stm32l1xx_it.o
 .debug_line    0x0000000000000b28      0x10e build/stm32l1xx_hal_msp.o
 .debug_line    0x0000000000000c36      0x4b7 build/stm32l1xx_hal.o
 .debug_line    0x00000000000010ed      0xd3f build/stm32l1xx_hal_rcc.o
 .debug_line    0x0000000000001e2c      0x4bf build/stm32l1xx_hal_gpio.o
 .debug_line    0x00000000000022eb      0x6db build/stm32l1xx_hal_cortex.o
 .debug_line    0x00000000000029c6      0x1b3 build/system_stm32l1xx.o
 .debug_line    0x0000000000002b79       0x75 build/startup_stm32l100xc.o
 .debug_line    0x0000000000002bee      0x13f /usr/lib/gcc/arm-none-eabi/10.3.1/../../../arm-none-eabi/lib/thumb/v7-m/nofp/libc_nano.a(lib_a-init.o)
 .debug_line    0x0000000000002d2d      0x1bf /usr/lib/gcc/arm-none-eabi/10.3.1/../../../arm-none-eabi/lib/thumb/v7-m/nofp/libc_nano.a(lib_a-memset.o)
 .debug_line    0x0000000000002eec       0x60 /usr/lib/gcc/arm-none-eabi/10.3.1/thumb/v7-m/nofp/libgcc.a(_aeabi_uldivmod.o)
 .debug_line    0x0000000000002f4c      0x5a3 /usr/lib/gcc/arm-none-eabi/10.3.1/thumb/v7-m/nofp/libgcc.a(_udivmoddi4.o)
 .debug_line    0x00000000000034ef       0x60 /usr/lib/gcc/arm-none-eabi/10.3.1/thumb/v7-m/nofp/libgcc.a(_dvmd_tls.o)

.debug_str      0x0000000000000000     0x1ed4
 .debug_str     0x0000000000000000      0x2eb build/pyjamask.o
                                        0x340 (size before relaxing)
 .debug_str     0x00000000000002eb      0x2f5 build/main.o
                                        0x49a (size before relaxing)
 .debug_str     0x00000000000005e0      0x124 build/gpio.o
                                        0x291 (size before relaxing)
 .debug_str     0x0000000000000704       0xaf build/stm32l1xx_it.o
                                        0x201 (size before relaxing)
 .debug_str     0x00000000000007b3       0x41 build/stm32l1xx_hal_msp.o
                                        0x208 (size before relaxing)
 .debug_str     0x00000000000007f4      0x5d1 build/stm32l1xx_hal.o
                                        0x80c (size before relaxing)
 .debug_str     0x0000000000000dc5      0x27c build/stm32l1xx_hal_rcc.o
                                        0x6b1 (size before relaxing)
 .debug_str     0x0000000000001041      0x124 build/stm32l1xx_hal_gpio.o
                                        0x3de (size before relaxing)
 .debug_str     0x0000000000001165      0x4d4 build/stm32l1xx_hal_cortex.o
                                        0xa33 (size before relaxing)
 .debug_str     0x0000000000001639       0x59 build/system_stm32l1xx.o
                                        0x259 (size before relaxing)
 .debug_str     0x0000000000001692       0x22 build/startup_stm32l100xc.o
                                         0x55 (size before relaxing)
 .debug_str     0x00000000000016b4      0x168 /usr/lib/gcc/arm-none-eabi/10.3.1/../../../arm-none-eabi/lib/thumb/v7-m/nofp/libc_nano.a(lib_a-init.o)
                                        0x203 (size before relaxing)
 .debug_str     0x000000000000181c       0xa6 /usr/lib/gcc/arm-none-eabi/10.3.1/../../../arm-none-eabi/lib/thumb/v7-m/nofp/libc_nano.a(lib_a-memset.o)
                                        0x1b8 (size before relaxing)
 .debug_str     0x00000000000018c2       0xa2 /usr/lib/gcc/arm-none-eabi/10.3.1/thumb/v7-m/nofp/libgcc.a(_aeabi_uldivmod.o)
 .debug_str     0x0000000000001964      0x540 /usr/lib/gcc/arm-none-eabi/10.3.1/thumb/v7-m/nofp/libgcc.a(_udivmoddi4.o)
                                        0x63f (size before relaxing)
 .debug_str     0x0000000000001ea4       0x30 /usr/lib/gcc/arm-none-eabi/10.3.1/thumb/v7-m/nofp/libgcc.a(_dvmd_tls.o)
                                         0xa6 (size before relaxing)

.debug_frame    0x0000000000000000      0x908
 .debug_frame   0x0000000000000000      0x124 build/pyjamask.o
 .debug_frame   0x0000000000000124       0x6c build/main.o
 .debug_frame   0x0000000000000190       0x34 build/gpio.o
 .debug_frame   0x00000000000001c4       0xa8 build/stm32l1xx_it.o
 .debug_frame   0x000000000000026c       0x2c build/stm32l1xx_hal_msp.o
 .debug_frame   0x0000000000000298      0x1cc build/stm32l1xx_hal.o
 .debug_frame   0x0000000000000464      0x1a4 build/stm32l1xx_hal_rcc.o
 .debug_frame   0x0000000000000608       0xd0 build/stm32l1xx_hal_gpio.o
 .debug_frame   0x00000000000006d8      0x148 build/stm32l1xx_hal_cortex.o
 .debug_frame   0x0000000000000820       0x30 build/system_stm32l1xx.o
 .debug_frame   0x0000000000000850       0x2c /usr/lib/gcc/arm-none-eabi/10.3.1/../../../arm-none-eabi/lib/thumb/v7-m/nofp/libc_nano.a(lib_a-init.o)
 .debug_frame   0x000000000000087c       0x2c /usr/lib/gcc/arm-none-eabi/10.3.1/../../../arm-none-eabi/lib/thumb/v7-m/nofp/libc_nano.a(lib_a-memset.o)
 .debug_frame   0x00000000000008a8       0x2c /usr/lib/gcc/arm-none-eabi/10.3.1/thumb/v7-m/nofp/libgcc.a(_aeabi_uldivmod.o)
 .debug_frame   0x00000000000008d4       0x34 /usr/lib/gcc/arm-none-eabi/10.3.1/thumb/v7-m/nofp/libgcc.a(_udivmoddi4.o)

Cross Reference Table

Symbol                                            File
ADC1_IRQHandler                                   build/startup_stm32l100xc.o
AHBPrescTable                                     build/system_stm32l1xx.o
                                                  build/stm32l1xx_hal_rcc.o
APBPrescTable                                     build/system_stm32l1xx.o
                                                  build/stm32l1xx_hal_rcc.o
AddRoundKey__V32                                  build/pyjamask.o
BusFault_Handler                                  build/stm32l1xx_it.o
COMP_ACQ_IRQHandler                               build/startup_stm32l100xc.o
COMP_IRQHandler                                   build/startup_stm32l100xc.o
DAC_IRQHandler                                    build/startup_stm32l100xc.o
DMA1_Channel1_IRQHandler                          build/startup_stm32l100xc.o
DMA1_Channel2_IRQHandler                          build/startup_stm32l100xc.o
DMA1_Channel3_IRQHandler                          build/startup_stm32l100xc.o
DMA1_Channel4_IRQHandler                          build/startup_stm32l100xc.o
DMA1_Channel5_IRQHandler                          build/startup_stm32l100xc.o
DMA1_Channel6_IRQHandler                          build/startup_stm32l100xc.o
DMA1_Channel7_IRQHandler                          build/startup_stm32l100xc.o
DMA2_Channel1_IRQHandler                          build/startup_stm32l100xc.o
DMA2_Channel2_IRQHandler                          build/startup_stm32l100xc.o
DMA2_Channel3_IRQHandler                          build/startup_stm32l100xc.o
DMA2_Channel4_IRQHandler                          build/startup_stm32l100xc.o
DMA2_Channel5_IRQHandler                          build/startup_stm32l100xc.o
DebugMon_Handler                                  build/stm32l1xx_it.o
Default_Handler                                   build/startup_stm32l100xc.o
EXTI0_IRQHandler                                  build/startup_stm32l100xc.o
EXTI15_10_IRQHandler                              build/startup_stm32l100xc.o
EXTI1_IRQHandler                                  build/startup_stm32l100xc.o
EXTI2_IRQHandler                                  build/startup_stm32l100xc.o
EXTI3_IRQHandler                                  build/startup_stm32l100xc.o
EXTI4_IRQHandler                                  build/startup_stm32l100xc.o
EXTI9_5_IRQHandler                                build/startup_stm32l100xc.o
Error_Handler                                     build/main.o
FLASH_IRQHandler                                  build/startup_stm32l100xc.o
FLASH_PageErase                                   build/stm32l1xx_hal_flash_ex.o
                                                  build/stm32l1xx_hal_flash.o
FLASH_WaitForLastOperation                        build/stm32l1xx_hal_flash.o
                                                  build/stm32l1xx_hal_flash_ex.o
HAL_DBGMCU_DisableDBGSleepMode                    build/stm32l1xx_hal.o
HAL_DBGMCU_DisableDBGStandbyMode                  build/stm32l1xx_hal.o
HAL_DBGMCU_DisableDBGStopMode                     build/stm32l1xx_hal.o
HAL_DBGMCU_EnableDBGSleepMode                     build/stm32l1xx_hal.o
HAL_DBGMCU_EnableDBGStandbyMode                   build/stm32l1xx_hal.o
HAL_DBGMCU_EnableDBGStopMode                      build/stm32l1xx_hal.o
HAL_DMA_Abort                                     build/stm32l1xx_hal_dma.o
HAL_DMA_Abort_IT                                  build/stm32l1xx_hal_dma.o
HAL_DMA_DeInit                                    build/stm32l1xx_hal_dma.o
HAL_DMA_GetError                                  build/stm32l1xx_hal_dma.o
HAL_DMA_GetState                                  build/stm32l1xx_hal_dma.o
HAL_DMA_IRQHandler                                build/stm32l1xx_hal_dma.o
HAL_DMA_Init                                      build/stm32l1xx_hal_dma.o
HAL_DMA_PollForTransfer                           build/stm32l1xx_hal_dma.o
HAL_DMA_RegisterCallback                          build/stm32l1xx_hal_dma.o
HAL_DMA_Start                                     build/stm32l1xx_hal_dma.o
HAL_DMA_Start_IT                                  build/stm32l1xx_hal_dma.o
HAL_DMA_UnRegisterCallback                        build/stm32l1xx_hal_dma.o
HAL_DeInit                                        build/stm32l1xx_hal.o
HAL_Delay                                         build/stm32l1xx_hal.o
HAL_EXTI_ClearConfigLine                          build/stm32l1xx_hal_exti.o
HAL_EXTI_ClearPending                             build/stm32l1xx_hal_exti.o
HAL_EXTI_GenerateSWI                              build/stm32l1xx_hal_exti.o
HAL_EXTI_GetConfigLine                            build/stm32l1xx_hal_exti.o
HAL_EXTI_GetHandle                                build/stm32l1xx_hal_exti.o
HAL_EXTI_GetPending                               build/stm32l1xx_hal_exti.o
HAL_EXTI_IRQHandler                               build/stm32l1xx_hal_exti.o
HAL_EXTI_RegisterCallback                         build/stm32l1xx_hal_exti.o
HAL_EXTI_SetConfigLine                            build/stm32l1xx_hal_exti.o
HAL_FLASHEx_DATAEEPROM_DisableFixedTimeProgram    build/stm32l1xx_hal_flash_ex.o
HAL_FLASHEx_DATAEEPROM_EnableFixedTimeProgram     build/stm32l1xx_hal_flash_ex.o
HAL_FLASHEx_DATAEEPROM_Erase                      build/stm32l1xx_hal_flash_ex.o
HAL_FLASHEx_DATAEEPROM_EraseDoubleWord            build/stm32l1xx_hal_flash_ramfunc.o
HAL_FLASHEx_DATAEEPROM_Lock                       build/stm32l1xx_hal_flash_ex.o
HAL_FLASHEx_DATAEEPROM_Program                    build/stm32l1xx_hal_flash_ex.o
HAL_FLASHEx_DATAEEPROM_ProgramDoubleWord          build/stm32l1xx_hal_flash_ramfunc.o
HAL_FLASHEx_DATAEEPROM_Unlock                     build/stm32l1xx_hal_flash_ex.o
HAL_FLASHEx_DisableRunPowerDown                   build/stm32l1xx_hal_flash_ramfunc.o
HAL_FLASHEx_EnableRunPowerDown                    build/stm32l1xx_hal_flash_ramfunc.o
HAL_FLASHEx_Erase                                 build/stm32l1xx_hal_flash_ex.o
HAL_FLASHEx_Erase_IT                              build/stm32l1xx_hal_flash_ex.o
HAL_FLASHEx_GetError                              build/stm32l1xx_hal_flash_ramfunc.o
HAL_FLASHEx_HalfPageProgram                       build/stm32l1xx_hal_flash_ramfunc.o
HAL_FLASHEx_OBGetConfig                           build/stm32l1xx_hal_flash_ex.o
HAL_FLASHEx_OBProgram                             build/stm32l1xx_hal_flash_ex.o
HAL_FLASH_EndOfOperationCallback                  build/stm32l1xx_hal_flash.o
HAL_FLASH_GetError                                build/stm32l1xx_hal_flash.o
HAL_FLASH_IRQHandler                              build/stm32l1xx_hal_flash.o
HAL_FLASH_Lock                                    build/stm32l1xx_hal_flash.o
HAL_FLASH_OB_Launch                               build/stm32l1xx_hal_flash.o
HAL_FLASH_OB_Lock                                 build/stm32l1xx_hal_flash.o
HAL_FLASH_OB_Unlock                               build/stm32l1xx_hal_flash.o
HAL_FLASH_OperationErrorCallback                  build/stm32l1xx_hal_flash.o
HAL_FLASH_Program                                 build/stm32l1xx_hal_flash.o
HAL_FLASH_Program_IT                              build/stm32l1xx_hal_flash.o
HAL_FLASH_Unlock                                  build/stm32l1xx_hal_flash.o
HAL_GPIO_DeInit                                   build/stm32l1xx_hal_gpio.o
HAL_GPIO_EXTI_Callback                            build/stm32l1xx_hal_gpio.o
HAL_GPIO_EXTI_IRQHandler                          build/stm32l1xx_hal_gpio.o
HAL_GPIO_Init                                     build/stm32l1xx_hal_gpio.o
                                                  build/stm32l1xx_hal_rcc.o
                                                  build/gpio.o
HAL_GPIO_LockPin                                  build/stm32l1xx_hal_gpio.o
HAL_GPIO_ReadPin                                  build/stm32l1xx_hal_gpio.o
HAL_GPIO_TogglePin                                build/stm32l1xx_hal_gpio.o
HAL_GPIO_WritePin                                 build/stm32l1xx_hal_gpio.o
                                                  build/gpio.o
HAL_GetDEVID                                      build/stm32l1xx_hal.o
HAL_GetHalVersion                                 build/stm32l1xx_hal.o
HAL_GetREVID                                      build/stm32l1xx_hal.o
HAL_GetTick                                       build/stm32l1xx_hal.o
                                                  build/stm32l1xx_hal_dma.o
                                                  build/stm32l1xx_hal_flash.o
                                                  build/stm32l1xx_hal_rcc_ex.o
                                                  build/stm32l1xx_hal_rcc.o
HAL_GetTickFreq                                   build/stm32l1xx_hal.o
HAL_GetTickPrio                                   build/stm32l1xx_hal.o
HAL_GetUIDw0                                      build/stm32l1xx_hal.o
HAL_GetUIDw1                                      build/stm32l1xx_hal.o
HAL_GetUIDw2                                      build/stm32l1xx_hal.o
HAL_IncTick                                       build/stm32l1xx_hal.o
                                                  build/stm32l1xx_it.o
HAL_Init                                          build/stm32l1xx_hal.o
                                                  build/main.o
HAL_InitTick                                      build/stm32l1xx_hal.o
                                                  build/stm32l1xx_hal_rcc.o
HAL_MPU_ConfigRegion                              build/stm32l1xx_hal_cortex.o
HAL_MPU_Disable                                   build/stm32l1xx_hal_cortex.o
HAL_MPU_Enable                                    build/stm32l1xx_hal_cortex.o
HAL_MspDeInit                                     build/stm32l1xx_hal.o
HAL_MspInit                                       build/stm32l1xx_hal_msp.o
HAL_NVIC_ClearPendingIRQ                          build/stm32l1xx_hal_cortex.o
HAL_NVIC_DisableIRQ                               build/stm32l1xx_hal_cortex.o
HAL_NVIC_EnableIRQ                                build/stm32l1xx_hal_cortex.o
HAL_NVIC_GetActive                                build/stm32l1xx_hal_cortex.o
HAL_NVIC_GetPendingIRQ                            build/stm32l1xx_hal_cortex.o
HAL_NVIC_GetPriority                              build/stm32l1xx_hal_cortex.o
HAL_NVIC_GetPriorityGrouping                      build/stm32l1xx_hal_cortex.o
HAL_NVIC_SetPendingIRQ                            build/stm32l1xx_hal_cortex.o
HAL_NVIC_SetPriority                              build/stm32l1xx_hal_cortex.o
                                                  build/stm32l1xx_hal.o
HAL_NVIC_SetPriorityGrouping                      build/stm32l1xx_hal_cortex.o
                                                  build/stm32l1xx_hal.o
                                                  build/stm32l1xx_hal_msp.o
HAL_NVIC_SystemReset                              build/stm32l1xx_hal_cortex.o
HAL_PWREx_DisableFastWakeUp                       build/stm32l1xx_hal_pwr_ex.o
HAL_PWREx_DisableLowPowerRunMode                  build/stm32l1xx_hal_pwr_ex.o
HAL_PWREx_DisableUltraLowPower                    build/stm32l1xx_hal_pwr_ex.o
HAL_PWREx_EnableFastWakeUp                        build/stm32l1xx_hal_pwr_ex.o
HAL_PWREx_EnableLowPowerRunMode                   build/stm32l1xx_hal_pwr_ex.o
HAL_PWREx_EnableUltraLowPower                     build/stm32l1xx_hal_pwr_ex.o
HAL_PWREx_GetVoltageRange                         build/stm32l1xx_hal_pwr_ex.o
HAL_PWR_ConfigPVD                                 build/stm32l1xx_hal_pwr.o
HAL_PWR_DeInit                                    build/stm32l1xx_hal_pwr.o
HAL_PWR_DisableBkUpAccess                         build/stm32l1xx_hal_pwr.o
HAL_PWR_DisablePVD                                build/stm32l1xx_hal_pwr.o
HAL_PWR_DisableSEVOnPend                          build/stm32l1xx_hal_pwr.o
HAL_PWR_DisableSleepOnExit                        build/stm32l1xx_hal_pwr.o
HAL_PWR_DisableWakeUpPin                          build/stm32l1xx_hal_pwr.o
HAL_PWR_EnableBkUpAccess                          build/stm32l1xx_hal_pwr.o
HAL_PWR_EnablePVD                                 build/stm32l1xx_hal_pwr.o
HAL_PWR_EnableSEVOnPend                           build/stm32l1xx_hal_pwr.o
HAL_PWR_EnableSleepOnExit                         build/stm32l1xx_hal_pwr.o
HAL_PWR_EnableWakeUpPin                           build/stm32l1xx_hal_pwr.o
HAL_PWR_EnterSLEEPMode                            build/stm32l1xx_hal_pwr.o
HAL_PWR_EnterSTANDBYMode                          build/stm32l1xx_hal_pwr.o
HAL_PWR_EnterSTOPMode                             build/stm32l1xx_hal_pwr.o
HAL_PWR_PVDCallback                               build/stm32l1xx_hal_pwr.o
HAL_PWR_PVD_IRQHandler                            build/stm32l1xx_hal_pwr.o
HAL_RCCEx_DisableLSECSS                           build/stm32l1xx_hal_rcc_ex.o
HAL_RCCEx_EnableLSECSS                            build/stm32l1xx_hal_rcc_ex.o
HAL_RCCEx_EnableLSECSS_IT                         build/stm32l1xx_hal_rcc_ex.o
HAL_RCCEx_GetPeriphCLKConfig                      build/stm32l1xx_hal_rcc_ex.o
HAL_RCCEx_GetPeriphCLKFreq                        build/stm32l1xx_hal_rcc_ex.o
HAL_RCCEx_LSECSS_Callback                         build/stm32l1xx_hal_rcc_ex.o
HAL_RCCEx_LSECSS_IRQHandler                       build/stm32l1xx_hal_rcc_ex.o
HAL_RCCEx_PeriphCLKConfig                         build/stm32l1xx_hal_rcc_ex.o
HAL_RCC_CSSCallback                               build/stm32l1xx_hal_rcc.o
HAL_RCC_ClockConfig                               build/stm32l1xx_hal_rcc.o
                                                  build/main.o
HAL_RCC_DeInit                                    build/stm32l1xx_hal_rcc.o
HAL_RCC_DisableCSS                                build/stm32l1xx_hal_rcc.o
HAL_RCC_EnableCSS                                 build/stm32l1xx_hal_rcc.o
HAL_RCC_GetClockConfig                            build/stm32l1xx_hal_rcc.o
HAL_RCC_GetHCLKFreq                               build/stm32l1xx_hal_rcc.o
HAL_RCC_GetOscConfig                              build/stm32l1xx_hal_rcc.o
HAL_RCC_GetPCLK1Freq                              build/stm32l1xx_hal_rcc.o
HAL_RCC_GetPCLK2Freq                              build/stm32l1xx_hal_rcc.o
HAL_RCC_GetSysClockFreq                           build/stm32l1xx_hal_rcc.o
HAL_RCC_MCOConfig                                 build/stm32l1xx_hal_rcc.o
HAL_RCC_NMI_IRQHandler                            build/stm32l1xx_hal_rcc.o
HAL_RCC_OscConfig                                 build/stm32l1xx_hal_rcc.o
                                                  build/main.o
HAL_ResumeTick                                    build/stm32l1xx_hal.o
HAL_SYSTICK_CLKSourceConfig                       build/stm32l1xx_hal_cortex.o
HAL_SYSTICK_Callback                              build/stm32l1xx_hal_cortex.o
HAL_SYSTICK_Config                                build/stm32l1xx_hal_cortex.o
                                                  build/stm32l1xx_hal.o
HAL_SYSTICK_IRQHandler                            build/stm32l1xx_hal_cortex.o
HAL_SetTickFreq                                   build/stm32l1xx_hal.o
HAL_SuspendTick                                   build/stm32l1xx_hal.o
HardFault_Handler                                 build/stm32l1xx_it.o
I2C1_ER_IRQHandler                                build/startup_stm32l100xc.o
I2C1_EV_IRQHandler                                build/startup_stm32l100xc.o
I2C2_ER_IRQHandler                                build/startup_stm32l100xc.o
I2C2_EV_IRQHandler                                build/startup_stm32l100xc.o
LCD_IRQHandler                                    build/startup_stm32l100xc.o
MX_GPIO_Init                                      build/gpio.o
                                                  build/main.o
MemManage_Handler                                 build/stm32l1xx_it.o
MixRows__V32                                      build/pyjamask.o
NMI_Handler                                       build/stm32l1xx_it.o
PLLMulTable                                       build/system_stm32l1xx.o
                                                  build/stm32l1xx_hal_rcc.o
PVD_IRQHandler                                    build/startup_stm32l100xc.o
PendSV_Handler                                    build/stm32l1xx_it.o
RCC_IRQHandler                                    build/startup_stm32l100xc.o
RTC_Alarm_IRQHandler                              build/startup_stm32l100xc.o
RTC_WKUP_IRQHandler                               build/startup_stm32l100xc.o
Reset_Handler                                     build/startup_stm32l100xc.o
SPI1_IRQHandler                                   build/startup_stm32l100xc.o
SPI2_IRQHandler                                   build/startup_stm32l100xc.o
SPI3_IRQHandler                                   build/startup_stm32l100xc.o
SVC_Handler                                       build/stm32l1xx_it.o
SubBytes__V32                                     build/pyjamask.o
SysTick_Handler                                   build/stm32l1xx_it.o
SystemCoreClock                                   build/system_stm32l1xx.o
                                                  build/stm32l1xx_hal_rcc.o
                                                  build/stm32l1xx_hal.o
SystemCoreClockUpdate                             build/system_stm32l1xx.o
SystemInit                                        build/system_stm32l1xx.o
                                                  build/startup_stm32l100xc.o
TAMPER_STAMP_IRQHandler                           build/startup_stm32l100xc.o
TIM10_IRQHandler                                  build/startup_stm32l100xc.o
TIM11_IRQHandler                                  build/startup_stm32l100xc.o
TIM2_IRQHandler                                   build/startup_stm32l100xc.o
TIM3_IRQHandler                                   build/startup_stm32l100xc.o
TIM4_IRQHandler                                   build/startup_stm32l100xc.o
TIM6_IRQHandler                                   build/startup_stm32l100xc.o
TIM7_IRQHandler                                   build/startup_stm32l100xc.o
TIM9_IRQHandler                                   build/startup_stm32l100xc.o
USART1_IRQHandler                                 build/startup_stm32l100xc.o
USART2_IRQHandler                                 build/startup_stm32l100xc.o
USART3_IRQHandler                                 build/startup_stm32l100xc.o
USB_FS_WKUP_IRQHandler                            build/startup_stm32l100xc.o
USB_HP_IRQHandler                                 build/startup_stm32l100xc.o
USB_LP_IRQHandler                                 build/startup_stm32l100xc.o
UsageFault_Handler                                build/stm32l1xx_it.o
WWDG_IRQHandler                                   build/startup_stm32l100xc.o
_ITM_deregisterTMCloneTable                       /usr/lib/gcc/arm-none-eabi/10.3.1/thumb/v7-m/nofp/crtbegin.o
_ITM_registerTMCloneTable                         /usr/lib/gcc/arm-none-eabi/10.3.1/thumb/v7-m/nofp/crtbegin.o
__TMC_END__                                       /usr/lib/gcc/arm-none-eabi/10.3.1/thumb/v7-m/nofp/crtend.o
                                                  /usr/lib/gcc/arm-none-eabi/10.3.1/thumb/v7-m/nofp/crtbegin.o
__aeabi_idiv0                                     /usr/lib/gcc/arm-none-eabi/10.3.1/thumb/v7-m/nofp/libgcc.a(_dvmd_tls.o)
__aeabi_ldiv0                                     /usr/lib/gcc/arm-none-eabi/10.3.1/thumb/v7-m/nofp/libgcc.a(_dvmd_tls.o)
                                                  /usr/lib/gcc/arm-none-eabi/10.3.1/thumb/v7-m/nofp/libgcc.a(_aeabi_uldivmod.o)
__aeabi_uldivmod                                  /usr/lib/gcc/arm-none-eabi/10.3.1/thumb/v7-m/nofp/libgcc.a(_aeabi_uldivmod.o)
                                                  build/stm32l1xx_hal_rcc.o
__atexit_dummy                                    /usr/lib/gcc/arm-none-eabi/10.3.1/../../../arm-none-eabi/lib/thumb/v7-m/nofp/libc_nano.a(lib_a-__atexit.o)
__bss_end__                                       /usr/lib/gcc/arm-none-eabi/10.3.1/../../../arm-none-eabi/lib/thumb/v7-m/nofp/crt0.o
__bss_start__                                     /usr/lib/gcc/arm-none-eabi/10.3.1/../../../arm-none-eabi/lib/thumb/v7-m/nofp/crt0.o
__call_exitprocs                                  /usr/lib/gcc/arm-none-eabi/10.3.1/../../../arm-none-eabi/lib/thumb/v7-m/nofp/libc_nano.a(lib_a-__call_atexit.o)
                                                  /usr/lib/gcc/arm-none-eabi/10.3.1/../../../arm-none-eabi/lib/thumb/v7-m/nofp/libc_nano.a(lib_a-__atexit.o)
                                                  /usr/lib/gcc/arm-none-eabi/10.3.1/../../../arm-none-eabi/lib/thumb/v7-m/nofp/libc_nano.a(lib_a-exit.o)
__deregister_frame_info                           /usr/lib/gcc/arm-none-eabi/10.3.1/thumb/v7-m/nofp/crtbegin.o
__dso_handle                                      /usr/lib/gcc/arm-none-eabi/10.3.1/thumb/v7-m/nofp/crtbegin.o
__fini_array_end                                  /usr/lib/gcc/arm-none-eabi/10.3.1/../../../arm-none-eabi/lib/thumb/v7-m/nofp/libc_nano.a(lib_a-fini.o)
__fini_array_start                                /usr/lib/gcc/arm-none-eabi/10.3.1/../../../arm-none-eabi/lib/thumb/v7-m/nofp/libc_nano.a(lib_a-fini.o)
__init_array_end                                  /usr/lib/gcc/arm-none-eabi/10.3.1/../../../arm-none-eabi/lib/thumb/v7-m/nofp/libc_nano.a(lib_a-init.o)
__init_array_start                                /usr/lib/gcc/arm-none-eabi/10.3.1/../../../arm-none-eabi/lib/thumb/v7-m/nofp/libc_nano.a(lib_a-init.o)
__libc_fini_array                                 /usr/lib/gcc/arm-none-eabi/10.3.1/../../../arm-none-eabi/lib/thumb/v7-m/nofp/libc_nano.a(lib_a-fini.o)
                                                  /usr/lib/gcc/arm-none-eabi/10.3.1/../../../arm-none-eabi/lib/thumb/v7-m/nofp/crt0.o
__libc_init_array                                 /usr/lib/gcc/arm-none-eabi/10.3.1/../../../arm-none-eabi/lib/thumb/v7-m/nofp/libc_nano.a(lib_a-init.o)
                                                  build/startup_stm32l100xc.o
                                                  /usr/lib/gcc/arm-none-eabi/10.3.1/../../../arm-none-eabi/lib/thumb/v7-m/nofp/crt0.o
__on_exit_args                                    /usr/lib/gcc/arm-none-eabi/10.3.1/../../../arm-none-eabi/lib/thumb/v7-m/nofp/libc_nano.a(lib_a-__atexit.o)
__preinit_array_end                               /usr/lib/gcc/arm-none-eabi/10.3.1/../../../arm-none-eabi/lib/thumb/v7-m/nofp/libc_nano.a(lib_a-init.o)
__preinit_array_start                             /usr/lib/gcc/arm-none-eabi/10.3.1/../../../arm-none-eabi/lib/thumb/v7-m/nofp/libc_nano.a(lib_a-init.o)
__register_exitproc                               /usr/lib/gcc/arm-none-eabi/10.3.1/../../../arm-none-eabi/lib/thumb/v7-m/nofp/libc_nano.a(lib_a-__atexit.o)
                                                  /usr/lib/gcc/arm-none-eabi/10.3.1/../../../arm-none-eabi/lib/thumb/v7-m/nofp/libc_nano.a(lib_a-atexit.o)
__register_frame_info                             /usr/lib/gcc/arm-none-eabi/10.3.1/thumb/v7-m/nofp/crtbegin.o
__sf_fake_stderr                                  /usr/lib/gcc/arm-none-eabi/10.3.1/../../../arm-none-eabi/lib/thumb/v7-m/nofp/libc_nano.a(lib_a-impure.o)
__sf_fake_stdin                                   /usr/lib/gcc/arm-none-eabi/10.3.1/../../../arm-none-eabi/lib/thumb/v7-m/nofp/libc_nano.a(lib_a-impure.o)
__sf_fake_stdout                                  /usr/lib/gcc/arm-none-eabi/10.3.1/../../../arm-none-eabi/lib/thumb/v7-m/nofp/libc_nano.a(lib_a-impure.o)
__stack                                           /usr/lib/gcc/arm-none-eabi/10.3.1/../../../arm-none-eabi/lib/thumb/v7-m/nofp/crt0.o
__udivmoddi4                                      /usr/lib/gcc/arm-none-eabi/10.3.1/thumb/v7-m/nofp/libgcc.a(_udivmoddi4.o)
                                                  /usr/lib/gcc/arm-none-eabi/10.3.1/thumb/v7-m/nofp/libgcc.a(_aeabi_uldivmod.o)
_ebss                                             build/startup_stm32l100xc.o
_edata                                            build/startup_stm32l100xc.o
_estack                                           build/startup_stm32l100xc.o
_exit                                             /usr/lib/gcc/arm-none-eabi/10.3.1/../../../arm-none-eabi/lib/thumb/v7-m/nofp/libnosys.a(_exit.o)
                                                  /usr/lib/gcc/arm-none-eabi/10.3.1/../../../arm-none-eabi/lib/thumb/v7-m/nofp/libc_nano.a(lib_a-exit.o)
_fini                                             /usr/lib/gcc/arm-none-eabi/10.3.1/thumb/v7-m/nofp/crti.o
                                                  /usr/lib/gcc/arm-none-eabi/10.3.1/../../../arm-none-eabi/lib/thumb/v7-m/nofp/libc_nano.a(lib_a-fini.o)
_global_atexit                                    /usr/lib/gcc/arm-none-eabi/10.3.1/../../../arm-none-eabi/lib/thumb/v7-m/nofp/libc_nano.a(lib_a-__call_atexit.o)
                                                  /usr/lib/gcc/arm-none-eabi/10.3.1/../../../arm-none-eabi/lib/thumb/v7-m/nofp/libc_nano.a(lib_a-__atexit.o)
_global_impure_ptr                                /usr/lib/gcc/arm-none-eabi/10.3.1/../../../arm-none-eabi/lib/thumb/v7-m/nofp/libc_nano.a(lib_a-impure.o)
                                                  /usr/lib/gcc/arm-none-eabi/10.3.1/../../../arm-none-eabi/lib/thumb/v7-m/nofp/libc_nano.a(lib_a-exit.o)
_impure_ptr                                       /usr/lib/gcc/arm-none-eabi/10.3.1/../../../arm-none-eabi/lib/thumb/v7-m/nofp/libc_nano.a(lib_a-impure.o)
_init                                             /usr/lib/gcc/arm-none-eabi/10.3.1/thumb/v7-m/nofp/crti.o
                                                  /usr/lib/gcc/arm-none-eabi/10.3.1/../../../arm-none-eabi/lib/thumb/v7-m/nofp/libc_nano.a(lib_a-init.o)
_mainCRTStartup                                   /usr/lib/gcc/arm-none-eabi/10.3.1/../../../arm-none-eabi/lib/thumb/v7-m/nofp/crt0.o
_sbss                                             build/startup_stm32l100xc.o
_sdata                                            build/startup_stm32l100xc.o
_sidata                                           build/startup_stm32l100xc.o
_stack_init                                       /usr/lib/gcc/arm-none-eabi/10.3.1/../../../arm-none-eabi/lib/thumb/v7-m/nofp/crt0.o
_start                                            /usr/lib/gcc/arm-none-eabi/10.3.1/../../../arm-none-eabi/lib/thumb/v7-m/nofp/crt0.o
atexit                                            /usr/lib/gcc/arm-none-eabi/10.3.1/../../../arm-none-eabi/lib/thumb/v7-m/nofp/libc_nano.a(lib_a-atexit.o)
                                                  /usr/lib/gcc/arm-none-eabi/10.3.1/../../../arm-none-eabi/lib/thumb/v7-m/nofp/crt0.o
bench_cycles                                      build/main.o
bench_lens                                        build/main.o
bench_speed                                       build/pyjamask.o
                                                  build/main.o
ciphertext                                        build/main.o
exit                                              /usr/lib/gcc/arm-none-eabi/10.3.1/../../../arm-none-eabi/lib/thumb/v7-m/nofp/libc_nano.a(lib_a-exit.o)
                                                  /usr/lib/gcc/arm-none-eabi/10.3.1/../../../arm-none-eabi/lib/thumb/v7-m/nofp/crt0.o
g_pfnVectors                                      build/startup_stm32l100xc.o
hardware_init_hook                                /usr/lib/gcc/arm-none-eabi/10.3.1/../../../arm-none-eabi/lib/thumb/v7-m/nofp/crt0.o
main                                              build/main.o
                                                  build/startup_stm32l100xc.o
                                                  /usr/lib/gcc/arm-none-eabi/10.3.1/../../../arm-none-eabi/lib/thumb/v7-m/nofp/crt0.o
malloc                                            /usr/lib/gcc/arm-none-eabi/10.3.1/../../../arm-none-eabi/lib/thumb/v7-m/nofp/libc_nano.a(lib_a-__atexit.o)
mat_mult__V32                                     build/pyjamask.o
mat_mult__V32_0                                   build/pyjamask.o
mat_mult__V32_1                                   build/pyjamask.o
mat_mult__V32_2                                   build/pyjamask.o
mat_mult__V32_3                                   build/pyjamask.o
memset                                            /usr/lib/gcc/arm-none-eabi/10.3.1/../../../arm-none-eabi/lib/thumb/v7-m/nofp/libc_nano.a(lib_a-memset.o)
                                                  build/main.o
                                                  build/pyjamask.o
                                                  /usr/lib/gcc/arm-none-eabi/10.3.1/../../../arm-none-eabi/lib/thumb/v7-m/nofp/crt0.o
pFlash                                            build/stm32l1xx_hal_flash.o
                                                  build/stm32l1xx_hal_flash_ramfunc.o
                                                  build/stm32l1xx_hal_flash_ex.o
plaintext                                         build/main.o
pyjamask__                                        build/pyjamask.o
software_init_hook                                /usr/lib/gcc/arm-none-eabi/10.3.1/../../../arm-none-eabi/lib/thumb/v7-m/nofp/crt0.o
uwTick                                            build/stm32l1xx_hal.o
uwTickFreq                                        build/stm32l1xx_hal.o
uwTickPrio                                        build/stm32l1xx_hal.o
                                                  build/stm32l1xx_hal_rcc.o
